Command line invocation:
    /Applications/Xcode_16.4.app/Contents/Developer/usr/bin/xcodebuild clean build -project NOCOOS.xcodeproj -scheme NOCOOS -configuration Release -destination generic/platform=iOS -derivedDataPath build/DerivedData -jobs 1 CODE_SIGNING_ALLOWED=NO CODE_SIGNING_REQUIRED=NO CODE_SIGN_IDENTITY= CODE_SIGNING_STYLE=Manual VALIDATE_PRODUCT=NO COMPILER_INDEX_STORE_ENABLE=NO SWIFT_COMPILATION_MODE=incremental SWIFT_WHOLE_MODULE_OPTIMIZATION=NO

Build settings from command line:
    CODE_SIGN_IDENTITY = 
    CODE_SIGNING_ALLOWED = NO
    CODE_SIGNING_REQUIRED = NO
    CODE_SIGNING_STYLE = Manual
    COMPILER_INDEX_STORE_ENABLE = NO
    SWIFT_COMPILATION_MODE = incremental
    SWIFT_WHOLE_MODULE_OPTIMIZATION = NO
    VALIDATE_PRODUCT = NO

Build Preparation
Build task concurrency set to 1 via user default IDEBuildOperationMaxNumberOfConcurrentCompileTasks

note: Using codesigning identity override: 
ComputePackagePrebuildTargetDependencyGraph

CreateBuildRequest

SendProjectDescription

CreateBuildOperation

** CLEAN SUCCEEDED **

Build Preparation
Build task concurrency set to 1 via user default IDEBuildOperationMaxNumberOfConcurrentCompileTasks

note: Using codesigning identity override: 
ComputePackagePrebuildTargetDependencyGraph

Prepare packages

CreateBuildRequest

SendProjectDescription

CreateBuildOperation

ComputeTargetDependencyGraph
note: Building targets in dependency order
note: Target dependency graph (1 target)
    Target 'NOCOOS' in project 'NOCOOS' (no dependencies)

GatherProvisioningInputs

CreateBuildDescription

ExecuteExternalTool /Applications/Xcode_16.4.app/Contents/Developer/usr/bin/actool --print-asset-tag-combinations --output-format xml1 /Users/runner/work/NOCO-OS-IPHONE/NOCO-OS-IPHONE/NOCOOS/Assets.xcassets

ExecuteExternalTool /Applications/Xcode_16.4.app/Contents/Developer/Toolchains/XcodeDefault.xctoolchain/usr/bin/clang -v -E -dM -isysroot /Applications/Xcode_16.4.app/Contents/Developer/Platforms/iPhoneOS.platform/Developer/SDKs/iPhoneOS18.5.sdk -x c -c /dev/null

ExecuteExternalTool /Applications/Xcode_16.4.app/Contents/Developer/usr/bin/actool --version --output-format xml1

ExecuteExternalTool /Applications/Xcode_16.4.app/Contents/Developer/Toolchains/XcodeDefault.xctoolchain/usr/bin/swiftc --version

ExecuteExternalTool /Applications/Xcode_16.4.app/Contents/Developer/Toolchains/XcodeDefault.xctoolchain/usr/bin/ld -version_details

Build description signature: 297bd044ba60ac11d552e8b4cda0a4d4
Build description path: /Users/runner/work/NOCO-OS-IPHONE/NOCO-OS-IPHONE/build/DerivedData/Build/Intermediates.noindex/XCBuildData/297bd044ba60ac11d552e8b4cda0a4d4.xcbuilddata
ClangStatCache /Applications/Xcode_16.4.app/Contents/Developer/Toolchains/XcodeDefault.xctoolchain/usr/bin/clang-stat-cache /Applications/Xcode_16.4.app/Contents/Developer/Platforms/iPhoneOS.platform/Developer/SDKs/iPhoneOS18.5.sdk /Users/runner/work/NOCO-OS-IPHONE/NOCO-OS-IPHONE/build/DerivedData/SDKStatCaches.noindex/iphoneos18.5-22F76-a529daf784b3616c7c04a36aeb7f5c05.sdkstatcache
    cd /Users/runner/work/NOCO-OS-IPHONE/NOCO-OS-IPHONE/NOCOOS.xcodeproj
    /Applications/Xcode_16.4.app/Contents/Developer/Toolchains/XcodeDefault.xctoolchain/usr/bin/clang-stat-cache /Applications/Xcode_16.4.app/Contents/Developer/Platforms/iPhoneOS.platform/Developer/SDKs/iPhoneOS18.5.sdk -o /Users/runner/work/NOCO-OS-IPHONE/NOCO-OS-IPHONE/build/DerivedData/SDKStatCaches.noindex/iphoneos18.5-22F76-a529daf784b3616c7c04a36aeb7f5c05.sdkstatcache

CreateBuildDirectory /Users/runner/work/NOCO-OS-IPHONE/NOCO-OS-IPHONE/build/DerivedData/Build/Products
    cd /Users/runner/work/NOCO-OS-IPHONE/NOCO-OS-IPHONE/NOCOOS.xcodeproj
    builtin-create-build-directory /Users/runner/work/NOCO-OS-IPHONE/NOCO-OS-IPHONE/build/DerivedData/Build/Products

CreateBuildDirectory /Users/runner/work/NOCO-OS-IPHONE/NOCO-OS-IPHONE/build/DerivedData/Build/Intermediates.noindex
    cd /Users/runner/work/NOCO-OS-IPHONE/NOCO-OS-IPHONE/NOCOOS.xcodeproj
    builtin-create-build-directory /Users/runner/work/NOCO-OS-IPHONE/NOCO-OS-IPHONE/build/DerivedData/Build/Intermediates.noindex

CreateBuildDirectory /Users/runner/work/NOCO-OS-IPHONE/NOCO-OS-IPHONE/build/DerivedData/Build/Products/Release-iphoneos
    cd /Users/runner/work/NOCO-OS-IPHONE/NOCO-OS-IPHONE/NOCOOS.xcodeproj
    builtin-create-build-directory /Users/runner/work/NOCO-OS-IPHONE/NOCO-OS-IPHONE/build/DerivedData/Build/Products/Release-iphoneos

WriteAuxiliaryFile /Users/runner/work/NOCO-OS-IPHONE/NOCO-OS-IPHONE/build/DerivedData/Build/Intermediates.noindex/NOCOOS.build/Release-iphoneos/NOCOOS-8cc1cb094a0dadd3df564fba4e4fcba6-VFS-iphoneos/all-product-headers.yaml
    cd /Users/runner/work/NOCO-OS-IPHONE/NOCO-OS-IPHONE/NOCOOS.xcodeproj
    write-file /Users/runner/work/NOCO-OS-IPHONE/NOCO-OS-IPHONE/build/DerivedData/Build/Intermediates.noindex/NOCOOS.build/Release-iphoneos/NOCOOS-8cc1cb094a0dadd3df564fba4e4fcba6-VFS-iphoneos/all-product-headers.yaml

CreateBuildDirectory /Users/runner/work/NOCO-OS-IPHONE/NOCO-OS-IPHONE/build/DerivedData/Build/Intermediates.noindex/EagerLinkingTBDs/Release-iphoneos
    cd /Users/runner/work/NOCO-OS-IPHONE/NOCO-OS-IPHONE/NOCOOS.xcodeproj
    builtin-create-build-directory /Users/runner/work/NOCO-OS-IPHONE/NOCO-OS-IPHONE/build/DerivedData/Build/Intermediates.noindex/EagerLinkingTBDs/Release-iphoneos

note: Disabling previews because SWIFT_VERSION is set and SWIFT_OPTIMIZATION_LEVEL=-O, expected -Onone (in target 'NOCOOS' from project 'NOCOOS')
WriteAuxiliaryFile /Users/runner/work/NOCO-OS-IPHONE/NOCO-OS-IPHONE/build/DerivedData/Build/Intermediates.noindex/NOCOOS.build/Release-iphoneos/NOCOOS.build/Objects-normal/arm64/NOCOOS_const_extract_protocols.json (in target 'NOCOOS' from project 'NOCOOS')
    cd /Users/runner/work/NOCO-OS-IPHONE/NOCO-OS-IPHONE
    write-file /Users/runner/work/NOCO-OS-IPHONE/NOCO-OS-IPHONE/build/DerivedData/Build/Intermediates.noindex/NOCOOS.build/Release-iphoneos/NOCOOS.build/Objects-normal/arm64/NOCOOS_const_extract_protocols.json

WriteAuxiliaryFile /Users/runner/work/NOCO-OS-IPHONE/NOCO-OS-IPHONE/build/DerivedData/Build/Intermediates.noindex/NOCOOS.build/Release-iphoneos/NOCOOS.build/Objects-normal/arm64/NOCOOS.SwiftFileList (in target 'NOCOOS' from project 'NOCOOS')
    cd /Users/runner/work/NOCO-OS-IPHONE/NOCO-OS-IPHONE
    write-file /Users/runner/work/NOCO-OS-IPHONE/NOCO-OS-IPHONE/build/DerivedData/Build/Intermediates.noindex/NOCOOS.build/Release-iphoneos/NOCOOS.build/Objects-normal/arm64/NOCOOS.SwiftFileList

WriteAuxiliaryFile /Users/runner/work/NOCO-OS-IPHONE/NOCO-OS-IPHONE/build/DerivedData/Build/Intermediates.noindex/NOCOOS.build/Release-iphoneos/NOCOOS.build/Objects-normal/arm64/NOCOOS.SwiftConstValuesFileList (in target 'NOCOOS' from project 'NOCOOS')
    cd /Users/runner/work/NOCO-OS-IPHONE/NOCO-OS-IPHONE
    write-file /Users/runner/work/NOCO-OS-IPHONE/NOCO-OS-IPHONE/build/DerivedData/Build/Intermediates.noindex/NOCOOS.build/Release-iphoneos/NOCOOS.build/Objects-normal/arm64/NOCOOS.SwiftConstValuesFileList

WriteAuxiliaryFile /Users/runner/work/NOCO-OS-IPHONE/NOCO-OS-IPHONE/build/DerivedData/Build/Intermediates.noindex/NOCOOS.build/Release-iphoneos/NOCOOS.build/Objects-normal/arm64/NOCOOS.LinkFileList (in target 'NOCOOS' from project 'NOCOOS')
    cd /Users/runner/work/NOCO-OS-IPHONE/NOCO-OS-IPHONE
    write-file /Users/runner/work/NOCO-OS-IPHONE/NOCO-OS-IPHONE/build/DerivedData/Build/Intermediates.noindex/NOCOOS.build/Release-iphoneos/NOCOOS.build/Objects-normal/arm64/NOCOOS.LinkFileList

WriteAuxiliaryFile /Users/runner/work/NOCO-OS-IPHONE/NOCO-OS-IPHONE/build/DerivedData/Build/Intermediates.noindex/NOCOOS.build/Release-iphoneos/NOCOOS.build/Objects-normal/arm64/NOCOOS-OutputFileMap.json (in target 'NOCOOS' from project 'NOCOOS')
    cd /Users/runner/work/NOCO-OS-IPHONE/NOCO-OS-IPHONE
    write-file /Users/runner/work/NOCO-OS-IPHONE/NOCO-OS-IPHONE/build/DerivedData/Build/Intermediates.noindex/NOCOOS.build/Release-iphoneos/NOCOOS.build/Objects-normal/arm64/NOCOOS-OutputFileMap.json

WriteAuxiliaryFile /Users/runner/work/NOCO-OS-IPHONE/NOCO-OS-IPHONE/build/DerivedData/Build/Intermediates.noindex/NOCOOS.build/Release-iphoneos/NOCOOS.build/NOCOOS.hmap (in target 'NOCOOS' from project 'NOCOOS')
    cd /Users/runner/work/NOCO-OS-IPHONE/NOCO-OS-IPHONE
    write-file /Users/runner/work/NOCO-OS-IPHONE/NOCO-OS-IPHONE/build/DerivedData/Build/Intermediates.noindex/NOCOOS.build/Release-iphoneos/NOCOOS.build/NOCOOS.hmap

WriteAuxiliaryFile /Users/runner/work/NOCO-OS-IPHONE/NOCO-OS-IPHONE/build/DerivedData/Build/Intermediates.noindex/NOCOOS.build/Release-iphoneos/NOCOOS.build/NOCOOS.DependencyStaticMetadataFileList (in target 'NOCOOS' from project 'NOCOOS')
    cd /Users/runner/work/NOCO-OS-IPHONE/NOCO-OS-IPHONE
    write-file /Users/runner/work/NOCO-OS-IPHONE/NOCO-OS-IPHONE/build/DerivedData/Build/Intermediates.noindex/NOCOOS.build/Release-iphoneos/NOCOOS.build/NOCOOS.DependencyStaticMetadataFileList

WriteAuxiliaryFile /Users/runner/work/NOCO-OS-IPHONE/NOCO-OS-IPHONE/build/DerivedData/Build/Intermediates.noindex/NOCOOS.build/Release-iphoneos/NOCOOS.build/NOCOOS.DependencyMetadataFileList (in target 'NOCOOS' from project 'NOCOOS')
    cd /Users/runner/work/NOCO-OS-IPHONE/NOCO-OS-IPHONE
    write-file /Users/runner/work/NOCO-OS-IPHONE/NOCO-OS-IPHONE/build/DerivedData/Build/Intermediates.noindex/NOCOOS.build/Release-iphoneos/NOCOOS.build/NOCOOS.DependencyMetadataFileList

WriteAuxiliaryFile /Users/runner/work/NOCO-OS-IPHONE/NOCO-OS-IPHONE/build/DerivedData/Build/Intermediates.noindex/NOCOOS.build/Release-iphoneos/NOCOOS.build/NOCOOS-project-headers.hmap (in target 'NOCOOS' from project 'NOCOOS')
    cd /Users/runner/work/NOCO-OS-IPHONE/NOCO-OS-IPHONE
    write-file /Users/runner/work/NOCO-OS-IPHONE/NOCO-OS-IPHONE/build/DerivedData/Build/Intermediates.noindex/NOCOOS.build/Release-iphoneos/NOCOOS.build/NOCOOS-project-headers.hmap

WriteAuxiliaryFile /Users/runner/work/NOCO-OS-IPHONE/NOCO-OS-IPHONE/build/DerivedData/Build/Intermediates.noindex/NOCOOS.build/Release-iphoneos/NOCOOS.build/NOCOOS-own-target-headers.hmap (in target 'NOCOOS' from project 'NOCOOS')
    cd /Users/runner/work/NOCO-OS-IPHONE/NOCO-OS-IPHONE
    write-file /Users/runner/work/NOCO-OS-IPHONE/NOCO-OS-IPHONE/build/DerivedData/Build/Intermediates.noindex/NOCOOS.build/Release-iphoneos/NOCOOS.build/NOCOOS-own-target-headers.hmap

WriteAuxiliaryFile /Users/runner/work/NOCO-OS-IPHONE/NOCO-OS-IPHONE/build/DerivedData/Build/Intermediates.noindex/NOCOOS.build/Release-iphoneos/NOCOOS.build/NOCOOS-generated-files.hmap (in target 'NOCOOS' from project 'NOCOOS')
    cd /Users/runner/work/NOCO-OS-IPHONE/NOCO-OS-IPHONE
    write-file /Users/runner/work/NOCO-OS-IPHONE/NOCO-OS-IPHONE/build/DerivedData/Build/Intermediates.noindex/NOCOOS.build/Release-iphoneos/NOCOOS.build/NOCOOS-generated-files.hmap

WriteAuxiliaryFile /Users/runner/work/NOCO-OS-IPHONE/NOCO-OS-IPHONE/build/DerivedData/Build/Intermediates.noindex/NOCOOS.build/Release-iphoneos/NOCOOS.build/NOCOOS-all-target-headers.hmap (in target 'NOCOOS' from project 'NOCOOS')
    cd /Users/runner/work/NOCO-OS-IPHONE/NOCO-OS-IPHONE
    write-file /Users/runner/work/NOCO-OS-IPHONE/NOCO-OS-IPHONE/build/DerivedData/Build/Intermediates.noindex/NOCOOS.build/Release-iphoneos/NOCOOS.build/NOCOOS-all-target-headers.hmap

WriteAuxiliaryFile /Users/runner/work/NOCO-OS-IPHONE/NOCO-OS-IPHONE/build/DerivedData/Build/Intermediates.noindex/NOCOOS.build/Release-iphoneos/NOCOOS.build/NOCOOS-all-non-framework-target-headers.hmap (in target 'NOCOOS' from project 'NOCOOS')
    cd /Users/runner/work/NOCO-OS-IPHONE/NOCO-OS-IPHONE
    write-file /Users/runner/work/NOCO-OS-IPHONE/NOCO-OS-IPHONE/build/DerivedData/Build/Intermediates.noindex/NOCOOS.build/Release-iphoneos/NOCOOS.build/NOCOOS-all-non-framework-target-headers.hmap

MkDir /Users/runner/work/NOCO-OS-IPHONE/NOCO-OS-IPHONE/build/DerivedData/Build/Products/Release-iphoneos/NOCOOS.app (in target 'NOCOOS' from project 'NOCOOS')
    cd /Users/runner/work/NOCO-OS-IPHONE/NOCO-OS-IPHONE
    /bin/mkdir -p /Users/runner/work/NOCO-OS-IPHONE/NOCO-OS-IPHONE/build/DerivedData/Build/Products/Release-iphoneos/NOCOOS.app

MkDir /Users/runner/work/NOCO-OS-IPHONE/NOCO-OS-IPHONE/build/DerivedData/Build/Intermediates.noindex/NOCOOS.build/Release-iphoneos/NOCOOS.build/assetcatalog_output/unthinned (in target 'NOCOOS' from project 'NOCOOS')
    cd /Users/runner/work/NOCO-OS-IPHONE/NOCO-OS-IPHONE
    /bin/mkdir -p /Users/runner/work/NOCO-OS-IPHONE/NOCO-OS-IPHONE/build/DerivedData/Build/Intermediates.noindex/NOCOOS.build/Release-iphoneos/NOCOOS.build/assetcatalog_output/unthinned

MkDir /Users/runner/work/NOCO-OS-IPHONE/NOCO-OS-IPHONE/build/DerivedData/Build/Intermediates.noindex/NOCOOS.build/Release-iphoneos/NOCOOS.build/assetcatalog_output/thinned (in target 'NOCOOS' from project 'NOCOOS')
    cd /Users/runner/work/NOCO-OS-IPHONE/NOCO-OS-IPHONE
    /bin/mkdir -p /Users/runner/work/NOCO-OS-IPHONE/NOCO-OS-IPHONE/build/DerivedData/Build/Intermediates.noindex/NOCOOS.build/Release-iphoneos/NOCOOS.build/assetcatalog_output/thinned

GenerateAssetSymbols /Users/runner/work/NOCO-OS-IPHONE/NOCO-OS-IPHONE/NOCOOS/Assets.xcassets (in target 'NOCOOS' from project 'NOCOOS')
    cd /Users/runner/work/NOCO-OS-IPHONE/NOCO-OS-IPHONE
    /Applications/Xcode_16.4.app/Contents/Developer/usr/bin/actool /Users/runner/work/NOCO-OS-IPHONE/NOCO-OS-IPHONE/NOCOOS/Assets.xcassets --compile /Users/runner/work/NOCO-OS-IPHONE/NOCO-OS-IPHONE/build/DerivedData/Build/Products/Release-iphoneos/NOCOOS.app --output-format human-readable-text --notices --warnings --export-dependency-info /Users/runner/work/NOCO-OS-IPHONE/NOCO-OS-IPHONE/build/DerivedData/Build/Intermediates.noindex/NOCOOS.build/Release-iphoneos/NOCOOS.build/assetcatalog_dependencies --output-partial-info-plist /Users/runner/work/NOCO-OS-IPHONE/NOCO-OS-IPHONE/build/DerivedData/Build/Intermediates.noindex/NOCOOS.build/Release-iphoneos/NOCOOS.build/assetcatalog_generated_info.plist --app-icon AppIcon --accent-color AccentColor --compress-pngs --enable-on-demand-resources YES --development-region de --target-device iphone --minimum-deployment-target 17.0 --platform iphoneos --bundle-identifier de.noco.nocoos --generate-swift-asset-symbol-extensions NO --generate-swift-asset-symbols /Users/runner/work/NOCO-OS-IPHONE/NOCO-OS-IPHONE/build/DerivedData/Build/Intermediates.noindex/NOCOOS.build/Release-iphoneos/NOCOOS.build/DerivedSources/GeneratedAssetSymbols.swift --generate-objc-asset-symbols /Users/runner/work/NOCO-OS-IPHONE/NOCO-OS-IPHONE/build/DerivedData/Build/Intermediates.noindex/NOCOOS.build/Release-iphoneos/NOCOOS.build/DerivedSources/GeneratedAssetSymbols.h --generate-asset-symbol-index /Users/runner/work/NOCO-OS-IPHONE/NOCO-OS-IPHONE/build/DerivedData/Build/Intermediates.noindex/NOCOOS.build/Release-iphoneos/NOCOOS.build/DerivedSources/GeneratedAssetSymbols-Index.plist
/* com.apple.actool.compilation-results */
/Users/runner/work/NOCO-OS-IPHONE/NOCO-OS-IPHONE/build/DerivedData/Build/Intermediates.noindex/NOCOOS.build/Release-iphoneos/NOCOOS.build/DerivedSources/GeneratedAssetSymbols-Index.plist
/Users/runner/work/NOCO-OS-IPHONE/NOCO-OS-IPHONE/build/DerivedData/Build/Intermediates.noindex/NOCOOS.build/Release-iphoneos/NOCOOS.build/DerivedSources/GeneratedAssetSymbols.h
/Users/runner/work/NOCO-OS-IPHONE/NOCO-OS-IPHONE/build/DerivedData/Build/Intermediates.noindex/NOCOOS.build/Release-iphoneos/NOCOOS.build/DerivedSources/GeneratedAssetSymbols.swift


CompileAssetCatalogVariant thinned /Users/runner/work/NOCO-OS-IPHONE/NOCO-OS-IPHONE/build/DerivedData/Build/Products/Release-iphoneos/NOCOOS.app /Users/runner/work/NOCO-OS-IPHONE/NOCO-OS-IPHONE/NOCOOS/Assets.xcassets (in target 'NOCOOS' from project 'NOCOOS')
    cd /Users/runner/work/NOCO-OS-IPHONE/NOCO-OS-IPHONE
    /Applications/Xcode_16.4.app/Contents/Developer/usr/bin/actool /Users/runner/work/NOCO-OS-IPHONE/NOCO-OS-IPHONE/NOCOOS/Assets.xcassets --compile /Users/runner/work/NOCO-OS-IPHONE/NOCO-OS-IPHONE/build/DerivedData/Build/Intermediates.noindex/NOCOOS.build/Release-iphoneos/NOCOOS.build/assetcatalog_output/thinned --output-format human-readable-text --notices --warnings --export-dependency-info /Users/runner/work/NOCO-OS-IPHONE/NOCO-OS-IPHONE/build/DerivedData/Build/Intermediates.noindex/NOCOOS.build/Release-iphoneos/NOCOOS.build/assetcatalog_dependencies_thinned --output-partial-info-plist /Users/runner/work/NOCO-OS-IPHONE/NOCO-OS-IPHONE/build/DerivedData/Build/Intermediates.noindex/NOCOOS.build/Release-iphoneos/NOCOOS.build/assetcatalog_generated_info.plist_thinned --app-icon AppIcon --accent-color AccentColor --compress-pngs --enable-on-demand-resources YES --development-region de --target-device iphone --minimum-deployment-target 17.0 --platform iphoneos
/* com.apple.actool.notices */
/Users/runner/work/NOCO-OS-IPHONE/NOCO-OS-IPHONE/NOCOOS/Assets.xcassets: warning: Accent color ‘AccentColor’ is not present in any asset catalogs.
/* com.apple.actool.compilation-results */
/Users/runner/work/NOCO-OS-IPHONE/NOCO-OS-IPHONE/build/DerivedData/Build/Intermediates.noindex/NOCOOS.build/Release-iphoneos/NOCOOS.build/assetcatalog_generated_info.plist_thinned
/Users/runner/work/NOCO-OS-IPHONE/NOCO-OS-IPHONE/build/DerivedData/Build/Intermediates.noindex/NOCOOS.build/Release-iphoneos/NOCOOS.build/assetcatalog_output/thinned/AppIcon60x60@2x.png
/Users/runner/work/NOCO-OS-IPHONE/NOCO-OS-IPHONE/build/DerivedData/Build/Intermediates.noindex/NOCOOS.build/Release-iphoneos/NOCOOS.build/assetcatalog_output/thinned/AppIcon76x76@2x~ipad.png
/Users/runner/work/NOCO-OS-IPHONE/NOCO-OS-IPHONE/build/DerivedData/Build/Intermediates.noindex/NOCOOS.build/Release-iphoneos/NOCOOS.build/assetcatalog_output/thinned/Assets.car


SwiftDriver NOCOOS normal arm64 com.apple.xcode.tools.swift.compiler (in target 'NOCOOS' from project 'NOCOOS')
    cd /Users/runner/work/NOCO-OS-IPHONE/NOCO-OS-IPHONE
    builtin-SwiftDriver -- /Applications/Xcode_16.4.app/Contents/Developer/Toolchains/XcodeDefault.xctoolchain/usr/bin/swiftc -module-name NOCOOS -O -enforce-exclusivity\=checked @/Users/runner/work/NOCO-OS-IPHONE/NOCO-OS-IPHONE/build/DerivedData/Build/Intermediates.noindex/NOCOOS.build/Release-iphoneos/NOCOOS.build/Objects-normal/arm64/NOCOOS.SwiftFileList -enable-bare-slash-regex -enable-experimental-feature DebugDescriptionMacro -sdk /Applications/Xcode_16.4.app/Contents/Developer/Platforms/iPhoneOS.platform/Developer/SDKs/iPhoneOS18.5.sdk -target arm64-apple-ios17.0 -g -module-cache-path /Users/runner/work/NOCO-OS-IPHONE/NOCO-OS-IPHONE/build/DerivedData/ModuleCache.noindex -Xfrontend -serialize-debugging-options -swift-version 5 -I /Users/runner/work/NOCO-OS-IPHONE/NOCO-OS-IPHONE/build/DerivedData/Build/Products/Release-iphoneos -F /Users/runner/work/NOCO-OS-IPHONE/NOCO-OS-IPHONE/build/DerivedData/Build/Products/Release-iphoneos -emit-localized-strings -emit-localized-strings-path /Users/runner/work/NOCO-OS-IPHONE/NOCO-OS-IPHONE/build/DerivedData/Build/Intermediates.noindex/NOCOOS.build/Release-iphoneos/NOCOOS.build/Objects-normal/arm64 -c -j3 -enable-batch-mode -incremental -Xcc -ivfsstatcache -Xcc /Users/runner/work/NOCO-OS-IPHONE/NOCO-OS-IPHONE/build/DerivedData/SDKStatCaches.noindex/iphoneos18.5-22F76-a529daf784b3616c7c04a36aeb7f5c05.sdkstatcache -output-file-map /Users/runner/work/NOCO-OS-IPHONE/NOCO-OS-IPHONE/build/DerivedData/Build/Intermediates.noindex/NOCOOS.build/Release-iphoneos/NOCOOS.build/Objects-normal/arm64/NOCOOS-OutputFileMap.json -use-frontend-parseable-output -save-temps -no-color-diagnostics -serialize-diagnostics -emit-dependencies -emit-module -emit-module-path /Users/runner/work/NOCO-OS-IPHONE/NOCO-OS-IPHONE/build/DerivedData/Build/Intermediates.noindex/NOCOOS.build/Release-iphoneos/NOCOOS.build/Objects-normal/arm64/NOCOOS.swiftmodule -validate-clang-modules-once -clang-build-session-file /Users/runner/work/NOCO-OS-IPHONE/NOCO-OS-IPHONE/build/DerivedData/ModuleCache.noindex/Session.modulevalidation -Xcc -I/Users/runner/work/NOCO-OS-IPHONE/NOCO-OS-IPHONE/build/DerivedData/Build/Intermediates.noindex/NOCOOS.build/Release-iphoneos/NOCOOS.build/swift-overrides.hmap -emit-const-values -Xfrontend -const-gather-protocols-file -Xfrontend /Users/runner/work/NOCO-OS-IPHONE/NOCO-OS-IPHONE/build/DerivedData/Build/Intermediates.noindex/NOCOOS.build/Release-iphoneos/NOCOOS.build/Objects-normal/arm64/NOCOOS_const_extract_protocols.json -Xcc -iquote -Xcc /Users/runner/work/NOCO-OS-IPHONE/NOCO-OS-IPHONE/build/DerivedData/Build/Intermediates.noindex/NOCOOS.build/Release-iphoneos/NOCOOS.build/NOCOOS-generated-files.hmap -Xcc -I/Users/runner/work/NOCO-OS-IPHONE/NOCO-OS-IPHONE/build/DerivedData/Build/Intermediates.noindex/NOCOOS.build/Release-iphoneos/NOCOOS.build/NOCOOS-own-target-headers.hmap -Xcc -I/Users/runner/work/NOCO-OS-IPHONE/NOCO-OS-IPHONE/build/DerivedData/Build/Intermediates.noindex/NOCOOS.build/Release-iphoneos/NOCOOS.build/NOCOOS-all-target-headers.hmap -Xcc -iquote -Xcc /Users/runner/work/NOCO-OS-IPHONE/NOCO-OS-IPHONE/build/DerivedData/Build/Intermediates.noindex/NOCOOS.build/Release-iphoneos/NOCOOS.build/NOCOOS-project-headers.hmap -Xcc -I/Users/runner/work/NOCO-OS-IPHONE/NOCO-OS-IPHONE/build/DerivedData/Build/Products/Release-iphoneos/include -Xcc -I/Users/runner/work/NOCO-OS-IPHONE/NOCO-OS-IPHONE/build/DerivedData/Build/Intermediates.noindex/NOCOOS.build/Release-iphoneos/NOCOOS.build/DerivedSources-normal/arm64 -Xcc -I/Users/runner/work/NOCO-OS-IPHONE/NOCO-OS-IPHONE/build/DerivedData/Build/Intermediates.noindex/NOCOOS.build/Release-iphoneos/NOCOOS.build/DerivedSources/arm64 -Xcc -I/Users/runner/work/NOCO-OS-IPHONE/NOCO-OS-IPHONE/build/DerivedData/Build/Intermediates.noindex/NOCOOS.build/Release-iphoneos/NOCOOS.build/DerivedSources -emit-objc-header -emit-objc-header-path /Users/runner/work/NOCO-OS-IPHONE/NOCO-OS-IPHONE/build/DerivedData/Build/Intermediates.noindex/NOCOOS.build/Release-iphoneos/NOCOOS.build/Objects-normal/arm64/NOCOOS-Swift.h -working-directory /Users/runner/work/NOCO-OS-IPHONE/NOCO-OS-IPHONE -experimental-emit-module-separately -disable-cmo

LinkAssetCatalog /Users/runner/work/NOCO-OS-IPHONE/NOCO-OS-IPHONE/NOCOOS/Assets.xcassets (in target 'NOCOOS' from project 'NOCOOS')
    cd /Users/runner/work/NOCO-OS-IPHONE/NOCO-OS-IPHONE
    builtin-linkAssetCatalog --thinned /Users/runner/work/NOCO-OS-IPHONE/NOCO-OS-IPHONE/build/DerivedData/Build/Intermediates.noindex/NOCOOS.build/Release-iphoneos/NOCOOS.build/assetcatalog_output/thinned --thinned-dependencies /Users/runner/work/NOCO-OS-IPHONE/NOCO-OS-IPHONE/build/DerivedData/Build/Intermediates.noindex/NOCOOS.build/Release-iphoneos/NOCOOS.build/assetcatalog_dependencies_thinned --thinned-info-plist-content /Users/runner/work/NOCO-OS-IPHONE/NOCO-OS-IPHONE/build/DerivedData/Build/Intermediates.noindex/NOCOOS.build/Release-iphoneos/NOCOOS.build/assetcatalog_generated_info.plist_thinned --unthinned /Users/runner/work/NOCO-OS-IPHONE/NOCO-OS-IPHONE/build/DerivedData/Build/Intermediates.noindex/NOCOOS.build/Release-iphoneos/NOCOOS.build/assetcatalog_output/unthinned --unthinned-dependencies /Users/runner/work/NOCO-OS-IPHONE/NOCO-OS-IPHONE/build/DerivedData/Build/Intermediates.noindex/NOCOOS.build/Release-iphoneos/NOCOOS.build/assetcatalog_dependencies_unthinned --unthinned-info-plist-content /Users/runner/work/NOCO-OS-IPHONE/NOCO-OS-IPHONE/build/DerivedData/Build/Intermediates.noindex/NOCOOS.build/Release-iphoneos/NOCOOS.build/assetcatalog_generated_info.plist_unthinned --output /Users/runner/work/NOCO-OS-IPHONE/NOCO-OS-IPHONE/build/DerivedData/Build/Products/Release-iphoneos/NOCOOS.app --plist-output /Users/runner/work/NOCO-OS-IPHONE/NOCO-OS-IPHONE/build/DerivedData/Build/Intermediates.noindex/NOCOOS.build/Release-iphoneos/NOCOOS.build/assetcatalog_generated_info.plist
note: Emplaced /Users/runner/work/NOCO-OS-IPHONE/NOCO-OS-IPHONE/build/DerivedData/Build/Products/Release-iphoneos/NOCOOS.app/AppIcon76x76@2x~ipad.png (in target 'NOCOOS' from project 'NOCOOS')
note: Emplaced /Users/runner/work/NOCO-OS-IPHONE/NOCO-OS-IPHONE/build/DerivedData/Build/Products/Release-iphoneos/NOCOOS.app/AppIcon60x60@2x.png (in target 'NOCOOS' from project 'NOCOOS')
note: Emplaced /Users/runner/work/NOCO-OS-IPHONE/NOCO-OS-IPHONE/build/DerivedData/Build/Products/Release-iphoneos/NOCOOS.app/Assets.car (in target 'NOCOOS' from project 'NOCOOS')

SwiftEmitModule normal arm64 Emitting\ module\ for\ NOCOOS (in target 'NOCOOS' from project 'NOCOOS')

EmitSwiftModule normal arm64 (in target 'NOCOOS' from project 'NOCOOS')
    cd /Users/runner/work/NOCO-OS-IPHONE/NOCO-OS-IPHONE
    

SwiftCompile normal arm64 Compiling\ SwipeGestures.swift,\ SelectableTextEditor.swift,\ AppStoreAppView.swift,\ GamesAppView.swift,\ SnakeGameView.swift,\ MemoryGameView.swift,\ ReactionGameView.swift,\ CalculatorAppView.swift,\ PhotosAppView.swift,\ CalendarAppView.swift,\ TimerAppView.swift,\ WeatherAppView.swift,\ MusicAppView.swift,\ VideoAppView.swift,\ GeneratedAssetSymbols.swift /Users/runner/work/NOCO-OS-IPHONE/NOCO-OS-IPHONE/NOCOOS/Views/Components/SwipeGestures.swift /Users/runner/work/NOCO-OS-IPHONE/NOCO-OS-IPHONE/NOCOOS/Views/Components/SelectableTextEditor.swift /Users/runner/work/NOCO-OS-IPHONE/NOCO-OS-IPHONE/NOCOOS/Views/Apps/AppStoreAppView.swift /Users/runner/work/NOCO-OS-IPHONE/NOCO-OS-IPHONE/NOCOOS/Views/Apps/GamesAppView.swift /Users/runner/work/NOCO-OS-IPHONE/NOCO-OS-IPHONE/NOCOOS/Views/Apps/SnakeGameView.swift /Users/runner/work/NOCO-OS-IPHONE/NOCO-OS-IPHONE/NOCOOS/Views/Apps/MemoryGameView.swift /Users/runner/work/NOCO-OS-IPHONE/NOCO-OS-IPHONE/NOCOOS/Views/Apps/ReactionGameView.swift /Users/runner/work/NOCO-OS-IPHONE/NOCO-OS-IPHONE/NOCOOS/Views/Apps/CalculatorAppView.swift /Users/runner/work/NOCO-OS-IPHONE/NOCO-OS-IPHONE/NOCOOS/Views/Apps/PhotosAppView.swift /Users/runner/work/NOCO-OS-IPHONE/NOCO-OS-IPHONE/NOCOOS/Views/Apps/CalendarAppView.swift /Users/runner/work/NOCO-OS-IPHONE/NOCO-OS-IPHONE/NOCOOS/Views/Apps/TimerAppView.swift /Users/runner/work/NOCO-OS-IPHONE/NOCO-OS-IPHONE/NOCOOS/Views/Apps/WeatherAppView.swift /Users/runner/work/NOCO-OS-IPHONE/NOCO-OS-IPHONE/NOCOOS/Views/Apps/MusicAppView.swift /Users/runner/work/NOCO-OS-IPHONE/NOCO-OS-IPHONE/NOCOOS/Views/Apps/VideoAppView.swift /Users/runner/work/NOCO-OS-IPHONE/NOCO-OS-IPHONE/build/DerivedData/Build/Intermediates.noindex/NOCOOS.build/Release-iphoneos/NOCOOS.build/DerivedSources/GeneratedAssetSymbols.swift (in target 'NOCOOS' from project 'NOCOOS')

SwiftCompile normal arm64 /Users/runner/work/NOCO-OS-IPHONE/NOCO-OS-IPHONE/NOCOOS/Views/Components/SwipeGestures.swift (in target 'NOCOOS' from project 'NOCOOS')
    cd /Users/runner/work/NOCO-OS-IPHONE/NOCO-OS-IPHONE
    

SwiftCompile normal arm64 /Users/runner/work/NOCO-OS-IPHONE/NOCO-OS-IPHONE/NOCOOS/Views/Components/SelectableTextEditor.swift (in target 'NOCOOS' from project 'NOCOOS')
    cd /Users/runner/work/NOCO-OS-IPHONE/NOCO-OS-IPHONE
    
/Users/runner/work/NOCO-OS-IPHONE/NOCO-OS-IPHONE/NOCOOS/Views/Components/SelectableTextEditor.swift:48:24: warning: 'UIMenuController' was deprecated in iOS 16.0: UIMenuController is deprecated. Use UIEditMenuInteraction instead.
            let menu = UIMenuController.shared
                       ^

SwiftCompile normal arm64 /Users/runner/work/NOCO-OS-IPHONE/NOCO-OS-IPHONE/NOCOOS/Views/Apps/AppStoreAppView.swift (in target 'NOCOOS' from project 'NOCOOS')
    cd /Users/runner/work/NOCO-OS-IPHONE/NOCO-OS-IPHONE
    

SwiftCompile normal arm64 /Users/runner/work/NOCO-OS-IPHONE/NOCO-OS-IPHONE/NOCOOS/Views/Apps/GamesAppView.swift (in target 'NOCOOS' from project 'NOCOOS')
    cd /Users/runner/work/NOCO-OS-IPHONE/NOCO-OS-IPHONE
    

SwiftCompile normal arm64 /Users/runner/work/NOCO-OS-IPHONE/NOCO-OS-IPHONE/NOCOOS/Views/Apps/SnakeGameView.swift (in target 'NOCOOS' from project 'NOCOOS')
    cd /Users/runner/work/NOCO-OS-IPHONE/NOCO-OS-IPHONE
    

SwiftCompile normal arm64 /Users/runner/work/NOCO-OS-IPHONE/NOCO-OS-IPHONE/NOCOOS/Views/Apps/MemoryGameView.swift (in target 'NOCOOS' from project 'NOCOOS')
    cd /Users/runner/work/NOCO-OS-IPHONE/NOCO-OS-IPHONE
    

SwiftCompile normal arm64 /Users/runner/work/NOCO-OS-IPHONE/NOCO-OS-IPHONE/NOCOOS/Views/Apps/ReactionGameView.swift (in target 'NOCOOS' from project 'NOCOOS')
    cd /Users/runner/work/NOCO-OS-IPHONE/NOCO-OS-IPHONE
    

SwiftCompile normal arm64 /Users/runner/work/NOCO-OS-IPHONE/NOCO-OS-IPHONE/NOCOOS/Views/Apps/CalculatorAppView.swift (in target 'NOCOOS' from project 'NOCOOS')
    cd /Users/runner/work/NOCO-OS-IPHONE/NOCO-OS-IPHONE
    

SwiftCompile normal arm64 /Users/runner/work/NOCO-OS-IPHONE/NOCO-OS-IPHONE/NOCOOS/Views/Apps/PhotosAppView.swift (in target 'NOCOOS' from project 'NOCOOS')
    cd /Users/runner/work/NOCO-OS-IPHONE/NOCO-OS-IPHONE
    

SwiftCompile normal arm64 /Users/runner/work/NOCO-OS-IPHONE/NOCO-OS-IPHONE/NOCOOS/Views/Apps/CalendarAppView.swift (in target 'NOCOOS' from project 'NOCOOS')
    cd /Users/runner/work/NOCO-OS-IPHONE/NOCO-OS-IPHONE
    

SwiftCompile normal arm64 /Users/runner/work/NOCO-OS-IPHONE/NOCO-OS-IPHONE/NOCOOS/Views/Apps/TimerAppView.swift (in target 'NOCOOS' from project 'NOCOOS')
    cd /Users/runner/work/NOCO-OS-IPHONE/NOCO-OS-IPHONE
    

SwiftCompile normal arm64 /Users/runner/work/NOCO-OS-IPHONE/NOCO-OS-IPHONE/NOCOOS/Views/Apps/WeatherAppView.swift (in target 'NOCOOS' from project 'NOCOOS')
    cd /Users/runner/work/NOCO-OS-IPHONE/NOCO-OS-IPHONE
    

SwiftCompile normal arm64 /Users/runner/work/NOCO-OS-IPHONE/NOCO-OS-IPHONE/NOCOOS/Views/Apps/MusicAppView.swift (in target 'NOCOOS' from project 'NOCOOS')
    cd /Users/runner/work/NOCO-OS-IPHONE/NOCO-OS-IPHONE
    

SwiftCompile normal arm64 /Users/runner/work/NOCO-OS-IPHONE/NOCO-OS-IPHONE/NOCOOS/Views/Apps/VideoAppView.swift (in target 'NOCOOS' from project 'NOCOOS')
    cd /Users/runner/work/NOCO-OS-IPHONE/NOCO-OS-IPHONE
    

SwiftCompile normal arm64 /Users/runner/work/NOCO-OS-IPHONE/NOCO-OS-IPHONE/build/DerivedData/Build/Intermediates.noindex/NOCOOS.build/Release-iphoneos/NOCOOS.build/DerivedSources/GeneratedAssetSymbols.swift (in target 'NOCOOS' from project 'NOCOOS')
    cd /Users/runner/work/NOCO-OS-IPHONE/NOCO-OS-IPHONE
    

SwiftDriverJobDiscovery normal arm64 Emitting module for NOCOOS (in target 'NOCOOS' from project 'NOCOOS')

SwiftDriver\ Compilation\ Requirements NOCOOS normal arm64 com.apple.xcode.tools.swift.compiler (in target 'NOCOOS' from project 'NOCOOS')
    cd /Users/runner/work/NOCO-OS-IPHONE/NOCO-OS-IPHONE
    builtin-Swift-Compilation-Requirements -- /Applications/Xcode_16.4.app/Contents/Developer/Toolchains/XcodeDefault.xctoolchain/usr/bin/swiftc -module-name NOCOOS -O -enforce-exclusivity\=checked @/Users/runner/work/NOCO-OS-IPHONE/NOCO-OS-IPHONE/build/DerivedData/Build/Intermediates.noindex/NOCOOS.build/Release-iphoneos/NOCOOS.build/Objects-normal/arm64/NOCOOS.SwiftFileList -enable-bare-slash-regex -enable-experimental-feature DebugDescriptionMacro -sdk /Applications/Xcode_16.4.app/Contents/Developer/Platforms/iPhoneOS.platform/Developer/SDKs/iPhoneOS18.5.sdk -target arm64-apple-ios17.0 -g -module-cache-path /Users/runner/work/NOCO-OS-IPHONE/NOCO-OS-IPHONE/build/DerivedData/ModuleCache.noindex -Xfrontend -serialize-debugging-options -swift-version 5 -I /Users/runner/work/NOCO-OS-IPHONE/NOCO-OS-IPHONE/build/DerivedData/Build/Products/Release-iphoneos -F /Users/runner/work/NOCO-OS-IPHONE/NOCO-OS-IPHONE/build/DerivedData/Build/Products/Release-iphoneos -emit-localized-strings -emit-localized-strings-path /Users/runner/work/NOCO-OS-IPHONE/NOCO-OS-IPHONE/build/DerivedData/Build/Intermediates.noindex/NOCOOS.build/Release-iphoneos/NOCOOS.build/Objects-normal/arm64 -c -j3 -enable-batch-mode -incremental -Xcc -ivfsstatcache -Xcc /Users/runner/work/NOCO-OS-IPHONE/NOCO-OS-IPHONE/build/DerivedData/SDKStatCaches.noindex/iphoneos18.5-22F76-a529daf784b3616c7c04a36aeb7f5c05.sdkstatcache -output-file-map /Users/runner/work/NOCO-OS-IPHONE/NOCO-OS-IPHONE/build/DerivedData/Build/Intermediates.noindex/NOCOOS.build/Release-iphoneos/NOCOOS.build/Objects-normal/arm64/NOCOOS-OutputFileMap.json -use-frontend-parseable-output -save-temps -no-color-diagnostics -serialize-diagnostics -emit-dependencies -emit-module -emit-module-path /Users/runner/work/NOCO-OS-IPHONE/NOCO-OS-IPHONE/build/DerivedData/Build/Intermediates.noindex/NOCOOS.build/Release-iphoneos/NOCOOS.build/Objects-normal/arm64/NOCOOS.swiftmodule -validate-clang-modules-once -clang-build-session-file /Users/runner/work/NOCO-OS-IPHONE/NOCO-OS-IPHONE/build/DerivedData/ModuleCache.noindex/Session.modulevalidation -Xcc -I/Users/runner/work/NOCO-OS-IPHONE/NOCO-OS-IPHONE/build/DerivedData/Build/Intermediates.noindex/NOCOOS.build/Release-iphoneos/NOCOOS.build/swift-overrides.hmap -emit-const-values -Xfrontend -const-gather-protocols-file -Xfrontend /Users/runner/work/NOCO-OS-IPHONE/NOCO-OS-IPHONE/build/DerivedData/Build/Intermediates.noindex/NOCOOS.build/Release-iphoneos/NOCOOS.build/Objects-normal/arm64/NOCOOS_const_extract_protocols.json -Xcc -iquote -Xcc /Users/runner/work/NOCO-OS-IPHONE/NOCO-OS-IPHONE/build/DerivedData/Build/Intermediates.noindex/NOCOOS.build/Release-iphoneos/NOCOOS.build/NOCOOS-generated-files.hmap -Xcc -I/Users/runner/work/NOCO-OS-IPHONE/NOCO-OS-IPHONE/build/DerivedData/Build/Intermediates.noindex/NOCOOS.build/Release-iphoneos/NOCOOS.build/NOCOOS-own-target-headers.hmap -Xcc -I/Users/runner/work/NOCO-OS-IPHONE/NOCO-OS-IPHONE/build/DerivedData/Build/Intermediates.noindex/NOCOOS.build/Release-iphoneos/NOCOOS.build/NOCOOS-all-target-headers.hmap -Xcc -iquote -Xcc /Users/runner/work/NOCO-OS-IPHONE/NOCO-OS-IPHONE/build/DerivedData/Build/Intermediates.noindex/NOCOOS.build/Release-iphoneos/NOCOOS.build/NOCOOS-project-headers.hmap -Xcc -I/Users/runner/work/NOCO-OS-IPHONE/NOCO-OS-IPHONE/build/DerivedData/Build/Products/Release-iphoneos/include -Xcc -I/Users/runner/work/NOCO-OS-IPHONE/NOCO-OS-IPHONE/build/DerivedData/Build/Intermediates.noindex/NOCOOS.build/Release-iphoneos/NOCOOS.build/DerivedSources-normal/arm64 -Xcc -I/Users/runner/work/NOCO-OS-IPHONE/NOCO-OS-IPHONE/build/DerivedData/Build/Intermediates.noindex/NOCOOS.build/Release-iphoneos/NOCOOS.build/DerivedSources/arm64 -Xcc -I/Users/runner/work/NOCO-OS-IPHONE/NOCO-OS-IPHONE/build/DerivedData/Build/Intermediates.noindex/NOCOOS.build/Release-iphoneos/NOCOOS.build/DerivedSources -emit-objc-header -emit-objc-header-path /Users/runner/work/NOCO-OS-IPHONE/NOCO-OS-IPHONE/build/DerivedData/Build/Intermediates.noindex/NOCOOS.build/Release-iphoneos/NOCOOS.build/Objects-normal/arm64/NOCOOS-Swift.h -working-directory /Users/runner/work/NOCO-OS-IPHONE/NOCO-OS-IPHONE -experimental-emit-module-separately -disable-cmo

SwiftDriverJobDiscovery normal arm64 Compiling SwipeGestures.swift, SelectableTextEditor.swift, AppStoreAppView.swift, GamesAppView.swift, SnakeGameView.swift, MemoryGameView.swift, ReactionGameView.swift, CalculatorAppView.swift, PhotosAppView.swift, CalendarAppView.swift, TimerAppView.swift, WeatherAppView.swift, MusicAppView.swift, VideoAppView.swift, GeneratedAssetSymbols.swift (in target 'NOCOOS' from project 'NOCOOS')

ProcessInfoPlistFile /Users/runner/work/NOCO-OS-IPHONE/NOCO-OS-IPHONE/build/DerivedData/Build/Products/Release-iphoneos/NOCOOS.app/Info.plist /Users/runner/work/NOCO-OS-IPHONE/NOCO-OS-IPHONE/NOCOOS/Info.plist (in target 'NOCOOS' from project 'NOCOOS')
    cd /Users/runner/work/NOCO-OS-IPHONE/NOCO-OS-IPHONE
    builtin-infoPlistUtility /Users/runner/work/NOCO-OS-IPHONE/NOCO-OS-IPHONE/NOCOOS/Info.plist -producttype com.apple.product-type.application -genpkginfo /Users/runner/work/NOCO-OS-IPHONE/NOCO-OS-IPHONE/build/DerivedData/Build/Products/Release-iphoneos/NOCOOS.app/PkgInfo -expandbuildsettings -format binary -platform iphoneos -additionalcontentfile /Users/runner/work/NOCO-OS-IPHONE/NOCO-OS-IPHONE/build/DerivedData/Build/Intermediates.noindex/NOCOOS.build/Release-iphoneos/NOCOOS.build/assetcatalog_generated_info.plist -requiredArchitecture arm64 -o /Users/runner/work/NOCO-OS-IPHONE/NOCO-OS-IPHONE/build/DerivedData/Build/Products/Release-iphoneos/NOCOOS.app/Info.plist

SwiftCompile normal arm64 Compiling\ AIService.swift,\ SpeechCommandService.swift,\ NOCOOSRootView.swift,\ HomeScreenView.swift,\ AppContainerView.swift,\ SpotlightView.swift,\ AppIconTile.swift,\ NOCOAIAppView.swift,\ NotesAppView.swift,\ NoteEditorView.swift,\ CameraAppView.swift,\ SettingsAppView.swift,\ SpotlightEntry.swift,\ MathEvaluator.swift,\ SystemBridge.swift,\ SpotlightService.swift /Users/runner/work/NOCO-OS-IPHONE/NOCO-OS-IPHONE/NOCOOS/Services/AIService.swift /Users/runner/work/NOCO-OS-IPHONE/NOCO-OS-IPHONE/NOCOOS/Services/SpeechCommandService.swift /Users/runner/work/NOCO-OS-IPHONE/NOCO-OS-IPHONE/NOCOOS/Views/Shell/NOCOOSRootView.swift /Users/runner/work/NOCO-OS-IPHONE/NOCO-OS-IPHONE/NOCOOS/Views/Shell/HomeScreenView.swift /Users/runner/work/NOCO-OS-IPHONE/NOCO-OS-IPHONE/NOCOOS/Views/Shell/AppContainerView.swift /Users/runner/work/NOCO-OS-IPHONE/NOCO-OS-IPHONE/NOCOOS/Views/Shell/SpotlightView.swift /Users/runner/work/NOCO-OS-IPHONE/NOCO-OS-IPHONE/NOCOOS/Views/Components/AppIconTile.swift /Users/runner/work/NOCO-OS-IPHONE/NOCO-OS-IPHONE/NOCOOS/Views/Apps/NOCOAIAppView.swift /Users/runner/work/NOCO-OS-IPHONE/NOCO-OS-IPHONE/NOCOOS/Views/Apps/NotesAppView.swift /Users/runner/work/NOCO-OS-IPHONE/NOCO-OS-IPHONE/NOCOOS/Views/Apps/NoteEditorView.swift /Users/runner/work/NOCO-OS-IPHONE/NOCO-OS-IPHONE/NOCOOS/Views/Apps/CameraAppView.swift /Users/runner/work/NOCO-OS-IPHONE/NOCO-OS-IPHONE/NOCOOS/Views/Apps/SettingsAppView.swift /Users/runner/work/NOCO-OS-IPHONE/NOCO-OS-IPHONE/NOCOOS/Models/SpotlightEntry.swift /Users/runner/work/NOCO-OS-IPHONE/NOCO-OS-IPHONE/NOCOOS/Services/MathEvaluator.swift /Users/runner/work/NOCO-OS-IPHONE/NOCO-OS-IPHONE/NOCOOS/Services/SystemBridge.swift /Users/runner/work/NOCO-OS-IPHONE/NOCO-OS-IPHONE/NOCOOS/Services/SpotlightService.swift (in target 'NOCOOS' from project 'NOCOOS')

SwiftCompile normal arm64 /Users/runner/work/NOCO-OS-IPHONE/NOCO-OS-IPHONE/NOCOOS/Services/AIService.swift (in target 'NOCOOS' from project 'NOCOOS')
    cd /Users/runner/work/NOCO-OS-IPHONE/NOCO-OS-IPHONE
    
/Users/runner/work/NOCO-OS-IPHONE/NOCO-OS-IPHONE/NOCOOS/Services/AIService.swift:140:13: warning: variable 'processing' was never mutated; consider changing to 'let' constant
        var processing = ChatMessage(role: .assistant, text: "Denke nach …", isProcessing: true)

SwiftCompile normal arm64 /Users/runner/work/NOCO-OS-IPHONE/NOCO-OS-IPHONE/NOCOOS/Services/SpeechCommandService.swift (in target 'NOCOOS' from project 'NOCOOS')
    cd /Users/runner/work/NOCO-OS-IPHONE/NOCO-OS-IPHONE
    

SwiftCompile normal arm64 /Users/runner/work/NOCO-OS-IPHONE/NOCO-OS-IPHONE/NOCOOS/Views/Shell/NOCOOSRootView.swift (in target 'NOCOOS' from project 'NOCOOS')
    cd /Users/runner/work/NOCO-OS-IPHONE/NOCO-OS-IPHONE
    

SwiftCompile normal arm64 /Users/runner/work/NOCO-OS-IPHONE/NOCO-OS-IPHONE/NOCOOS/Views/Shell/HomeScreenView.swift (in target 'NOCOOS' from project 'NOCOOS')
    cd /Users/runner/work/NOCO-OS-IPHONE/NOCO-OS-IPHONE
    

SwiftCompile normal arm64 /Users/runner/work/NOCO-OS-IPHONE/NOCO-OS-IPHONE/NOCOOS/Views/Shell/AppContainerView.swift (in target 'NOCOOS' from project 'NOCOOS')
    cd /Users/runner/work/NOCO-OS-IPHONE/NOCO-OS-IPHONE
    

SwiftCompile normal arm64 /Users/runner/work/NOCO-OS-IPHONE/NOCO-OS-IPHONE/NOCOOS/Views/Shell/SpotlightView.swift (in target 'NOCOOS' from project 'NOCOOS')
    cd /Users/runner/work/NOCO-OS-IPHONE/NOCO-OS-IPHONE
    

SwiftCompile normal arm64 /Users/runner/work/NOCO-OS-IPHONE/NOCO-OS-IPHONE/NOCOOS/Views/Components/AppIconTile.swift (in target 'NOCOOS' from project 'NOCOOS')
    cd /Users/runner/work/NOCO-OS-IPHONE/NOCO-OS-IPHONE
    

SwiftCompile normal arm64 /Users/runner/work/NOCO-OS-IPHONE/NOCO-OS-IPHONE/NOCOOS/Views/Apps/NOCOAIAppView.swift (in target 'NOCOOS' from project 'NOCOOS')
    cd /Users/runner/work/NOCO-OS-IPHONE/NOCO-OS-IPHONE
    
/Users/runner/work/NOCO-OS-IPHONE/NOCO-OS-IPHONE/NOCOOS/Views/Apps/NOCOAIAppView.swift:19:63: error: type 'Notification.Name' (aka 'NSNotification.Name') has no member 'nocoOSSpotlightAI'
        .onReceive(NotificationCenter.default.publisher(for: .nocoOSSpotlightAI)) { note in
                                                             ~^~~~~~~~~~~~~~~~~

SwiftCompile normal arm64 /Users/runner/work/NOCO-OS-IPHONE/NOCO-OS-IPHONE/NOCOOS/Views/Apps/NotesAppView.swift (in target 'NOCOOS' from project 'NOCOOS')
    cd /Users/runner/work/NOCO-OS-IPHONE/NOCO-OS-IPHONE
    
/Users/runner/work/NOCO-OS-IPHONE/NOCO-OS-IPHONE/NOCOOS/Views/Apps/NotesAppView.swift:88:21: warning: variable 'note' was never mutated; consider changing to 'let' constant
                var note = notes.create(title: "NOCO AI", body: text)
                ~~~ ^
                let

SwiftCompile normal arm64 /Users/runner/work/NOCO-OS-IPHONE/NOCO-OS-IPHONE/NOCOOS/Views/Apps/NoteEditorView.swift (in target 'NOCOOS' from project 'NOCOOS')
    cd /Users/runner/work/NOCO-OS-IPHONE/NOCO-OS-IPHONE
    

SwiftCompile normal arm64 /Users/runner/work/NOCO-OS-IPHONE/NOCO-OS-IPHONE/NOCOOS/Views/Apps/CameraAppView.swift (in target 'NOCOOS' from project 'NOCOOS')
    cd /Users/runner/work/NOCO-OS-IPHONE/NOCO-OS-IPHONE
    
/Users/runner/work/NOCO-OS-IPHONE/NOCO-OS-IPHONE/NOCOOS/Views/Apps/CameraAppView.swift:256:18: warning: main actor-isolated property 'session' can not be referenced from a Sendable closure; this is an error in the Swift 6 language mode
            self.session.startRunning()
                 ^
/Users/runner/work/NOCO-OS-IPHONE/NOCO-OS-IPHONE/NOCOOS/Views/Apps/CameraAppView.swift:213:9: note: property declared here
    let session = AVCaptureSession()
        ^

SwiftCompile normal arm64 /Users/runner/work/NOCO-OS-IPHONE/NOCO-OS-IPHONE/NOCOOS/Views/Apps/SettingsAppView.swift (in target 'NOCOOS' from project 'NOCOOS')
    cd /Users/runner/work/NOCO-OS-IPHONE/NOCO-OS-IPHONE
    

SwiftCompile normal arm64 /Users/runner/work/NOCO-OS-IPHONE/NOCO-OS-IPHONE/NOCOOS/Models/SpotlightEntry.swift (in target 'NOCOOS' from project 'NOCOOS')
    cd /Users/runner/work/NOCO-OS-IPHONE/NOCO-OS-IPHONE
    

SwiftCompile normal arm64 /Users/runner/work/NOCO-OS-IPHONE/NOCO-OS-IPHONE/NOCOOS/Services/MathEvaluator.swift (in target 'NOCOOS' from project 'NOCOOS')
    cd /Users/runner/work/NOCO-OS-IPHONE/NOCO-OS-IPHONE
    

SwiftCompile normal arm64 /Users/runner/work/NOCO-OS-IPHONE/NOCO-OS-IPHONE/NOCOOS/Services/SystemBridge.swift (in target 'NOCOOS' from project 'NOCOOS')
    cd /Users/runner/work/NOCO-OS-IPHONE/NOCO-OS-IPHONE
    

SwiftCompile normal arm64 /Users/runner/work/NOCO-OS-IPHONE/NOCO-OS-IPHONE/NOCOOS/Services/SpotlightService.swift (in target 'NOCOOS' from project 'NOCOOS')
    cd /Users/runner/work/NOCO-OS-IPHONE/NOCO-OS-IPHONE
    
/Users/runner/work/NOCO-OS-IPHONE/NOCO-OS-IPHONE/NOCOOS/Services/SpotlightService.swift:74:17: warning: variable 'processing' was never mutated; consider changing to 'let' constant
            var processing = SpotlightEntry(role: .assistant, text: "Denke nach …", isProcessing: true)

Failed frontend command:
/Applications/Xcode_16.4.app/Contents/Developer/Toolchains/XcodeDefault.xctoolchain/usr/bin/swift-frontend -frontend -c /Users/runner/work/NOCO-OS-IPHONE/NOCO-OS-IPHONE/NOCOOS/NOCOOSApp.swift /Users/runner/work/NOCO-OS-IPHONE/NOCO-OS-IPHONE/NOCOOS/Core/NOCOOSTheme.swift /Users/runner/work/NOCO-OS-IPHONE/NOCO-OS-IPHONE/NOCOOS/Core/AppRegistry.swift /Users/runner/work/NOCO-OS-IPHONE/NOCO-OS-IPHONE/NOCOOS/Core/NOCOOSRouter.swift /Users/runner/work/NOCO-OS-IPHONE/NOCO-OS-IPHONE/NOCOOS/Models/NOCOAppID.swift /Users/runner/work/NOCO-OS-IPHONE/NOCO-OS-IPHONE/NOCOOS/Models/Note.swift /Users/runner/work/NOCO-OS-IPHONE/NOCO-OS-IPHONE/NOCOOS/Models/ChatMessage.swift /Users/runner/work/NOCO-OS-IPHONE/NOCO-OS-IPHONE/NOCOOS/Services/KeychainService.swift /Users/runner/work/NOCO-OS-IPHONE/NOCO-OS-IPHONE/NOCOOS/Services/HostSanitizer.swift /Users/runner/work/NOCO-OS-IPHONE/NOCO-OS-IPHONE/NOCOOS/Services/SettingsStore.swift /Users/runner/work/NOCO-OS-IPHONE/NOCO-OS-IPHONE/NOCOOS/Services/NotesService.swift /Users/runner/work/NOCO-OS-IPHONE/NOCO-OS-IPHONE/NOCOOS/Services/CompanionAPI.swift /Users/runner/work/NOCO-OS-IPHONE/NOCO-OS-IPHONE/NOCOOS/Services/ConnectionStore.swift /Users/runner/work/NOCO-OS-IPHONE/NOCO-OS-IPHONE/NOCOOS/Services/IntentService.swift /Users/runner/work/NOCO-OS-IPHONE/NOCO-OS-IPHONE/NOCOOS/Services/AppLauncherService.swift /Users/runner/work/NOCO-OS-IPHONE/NOCO-OS-IPHONE/NOCOOS/Services/SearchService.swift -primary-file /Users/runner/work/NOCO-OS-IPHONE/NOCO-OS-IPHONE/NOCOOS/Services/AIService.swift -primary-file /Users/runner/work/NOCO-OS-IPHONE/NOCO-OS-IPHONE/NOCOOS/Services/SpeechCommandService.swift -primary-file /Users/runner/work/NOCO-OS-IPHONE/NOCO-OS-IPHONE/NOCOOS/Views/Shell/NOCOOSRootView.swift -primary-file /Users/runner/work/NOCO-OS-IPHONE/NOCO-OS-IPHONE/NOCOOS/Views/Shell/HomeScreenView.swift -primary-file /Users/runner/work/NOCO-OS-IPHONE/NOCO-OS-IPHONE/NOCOOS/Views/Shell/AppContainerView.swift -primary-file /Users/runner/work/NOCO-OS-IPHONE/NOCO-OS-IPHONE/NOCOOS/Views/Shell/SpotlightView.swift -primary-file /Users/runner/work/NOCO-OS-IPHONE/NOCO-OS-IPHONE/NOCOOS/Views/Components/AppIconTile.swift -primary-file /Users/runner/work/NOCO-OS-IPHONE/NOCO-OS-IPHONE/NOCOOS/Views/Apps/NOCOAIAppView.swift -primary-file /Users/runner/work/NOCO-OS-IPHONE/NOCO-OS-IPHONE/NOCOOS/Views/Apps/NotesAppView.swift -primary-file /Users/runner/work/NOCO-OS-IPHONE/NOCO-OS-IPHONE/NOCOOS/Views/Apps/NoteEditorView.swift -primary-file /Users/runner/work/NOCO-OS-IPHONE/NOCO-OS-IPHONE/NOCOOS/Views/Apps/CameraAppView.swift -primary-file /Users/runner/work/NOCO-OS-IPHONE/NOCO-OS-IPHONE/NOCOOS/Views/Apps/SettingsAppView.swift -primary-file /Users/runner/work/NOCO-OS-IPHONE/NOCO-OS-IPHONE/NOCOOS/Models/SpotlightEntry.swift -primary-file /Users/runner/work/NOCO-OS-IPHONE/NOCO-OS-IPHONE/NOCOOS/Services/MathEvaluator.swift -primary-file /Users/runner/work/NOCO-OS-IPHONE/NOCO-OS-IPHONE/NOCOOS/Services/SystemBridge.swift -primary-file /Users/runner/work/NOCO-OS-IPHONE/NOCO-OS-IPHONE/NOCOOS/Services/SpotlightService.swift /Users/runner/work/NOCO-OS-IPHONE/NOCO-OS-IPHONE/NOCOOS/Views/Components/SwipeGestures.swift /Users/runner/work/NOCO-OS-IPHONE/NOCO-OS-IPHONE/NOCOOS/Views/Components/SelectableTextEditor.swift /Users/runner/work/NOCO-OS-IPHONE/NOCO-OS-IPHONE/NOCOOS/Views/Apps/AppStoreAppView.swift /Users/runner/work/NOCO-OS-IPHONE/NOCO-OS-IPHONE/NOCOOS/Views/Apps/GamesAppView.swift /Users/runner/work/NOCO-OS-IPHONE/NOCO-OS-IPHONE/NOCOOS/Views/Apps/SnakeGameView.swift /Users/runner/work/NOCO-OS-IPHONE/NOCO-OS-IPHONE/NOCOOS/Views/Apps/MemoryGameView.swift /Users/runner/work/NOCO-OS-IPHONE/NOCO-OS-IPHONE/NOCOOS/Views/Apps/ReactionGameView.swift /Users/runner/work/NOCO-OS-IPHONE/NOCO-OS-IPHONE/NOCOOS/Views/Apps/CalculatorAppView.swift /Users/runner/work/NOCO-OS-IPHONE/NOCO-OS-IPHONE/NOCOOS/Views/Apps/PhotosAppView.swift /Users/runner/work/NOCO-OS-IPHONE/NOCO-OS-IPHONE/NOCOOS/Views/Apps/CalendarAppView.swift /Users/runner/work/NOCO-OS-IPHONE/NOCO-OS-IPHONE/NOCOOS/Views/Apps/TimerAppView.swift /Users/runner/work/NOCO-OS-IPHONE/NOCO-OS-IPHONE/NOCOOS/Views/Apps/WeatherAppView.swift /Users/runner/work/NOCO-OS-IPHONE/NOCO-OS-IPHONE/NOCOOS/Views/Apps/MusicAppView.swift /Users/runner/work/NOCO-OS-IPHONE/NOCO-OS-IPHONE/NOCOOS/Views/Apps/VideoAppView.swift /Users/runner/work/NOCO-OS-IPHONE/NOCO-OS-IPHONE/build/DerivedData/Build/Intermediates.noindex/NOCOOS.build/Release-iphoneos/NOCOOS.build/DerivedSources/GeneratedAssetSymbols.swift -supplementary-output-file-map /Users/runner/work/NOCO-OS-IPHONE/NOCO-OS-IPHONE/build/DerivedData/Build/Intermediates.noindex/NOCOOS.build/Release-iphoneos/NOCOOS.build/Objects-normal/arm64/supplementaryOutputs-2 -emit-localized-strings -emit-localized-strings-path /Users/runner/work/NOCO-OS-IPHONE/NOCO-OS-IPHONE/build/DerivedData/Build/Intermediates.noindex/NOCOOS.build/Release-iphoneos/NOCOOS.build/Objects-normal/arm64 -target arm64-apple-ios17.0 -Xllvm -aarch64-use-tbi -enable-objc-interop -stack-check -sdk /Applications/Xcode_16.4.app/Contents/Developer/Platforms/iPhoneOS.platform/Developer/SDKs/iPhoneOS18.5.sdk -I /Users/runner/work/NOCO-OS-IPHONE/NOCO-OS-IPHONE/build/DerivedData/Build/Products/Release-iphoneos -F /Users/runner/work/NOCO-OS-IPHONE/NOCO-OS-IPHONE/build/DerivedData/Build/Products/Release-iphoneos -no-color-diagnostics -g -debug-info-format\=dwarf -dwarf-version\=4 -module-cache-path /Users/runner/work/NOCO-OS-IPHONE/NOCO-OS-IPHONE/build/DerivedData/ModuleCache.noindex -swift-version 5 -enforce-exclusivity\=checked -O -serialize-debugging-options -const-gather-protocols-file /Users/runner/work/NOCO-OS-IPHONE/NOCO-OS-IPHONE/build/DerivedData/Build/Intermediates.noindex/NOCOOS.build/Release-iphoneos/NOCOOS.build/Objects-normal/arm64/NOCOOS_const_extract_protocols.json -enable-experimental-feature DebugDescriptionMacro -enable-bare-slash-regex -empty-abi-descriptor -validate-clang-modules-once -clang-build-session-file /Users/runner/work/NOCO-OS-IPHONE/NOCO-OS-IPHONE/build/DerivedData/ModuleCache.noindex/Session.modulevalidation -Xcc -working-directory -Xcc /Users/runner/work/NOCO-OS-IPHONE/NOCO-OS-IPHONE -resource-dir /Applications/Xcode_16.4.app/Contents/Developer/Toolchains/XcodeDefault.xctoolchain/usr/lib/swift -file-compilation-dir /Users/runner/work/NOCO-OS-IPHONE/NOCO-OS-IPHONE -Xcc -ivfsstatcache -Xcc /Users/runner/work/NOCO-OS-IPHONE/NOCO-OS-IPHONE/build/DerivedData/SDKStatCaches.noindex/iphoneos18.5-22F76-a529daf784b3616c7c04a36aeb7f5c05.sdkstatcache -Xcc -I/Users/runner/work/NOCO-OS-IPHONE/NOCO-OS-IPHONE/build/DerivedData/Build/Intermediates.noindex/NOCOOS.build/Release-iphoneos/NOCOOS.build/swift-overrides.hmap -Xcc -iquote -Xcc /Users/runner/work/NOCO-OS-IPHONE/NOCO-OS-IPHONE/build/DerivedData/Build/Intermediates.noindex/NOCOOS.build/Release-iphoneos/NOCOOS.build/NOCOOS-generated-files.hmap -Xcc -I/Users/runner/work/NOCO-OS-IPHONE/NOCO-OS-IPHONE/build/DerivedData/Build/Intermediates.noindex/NOCOOS.build/Release-iphoneos/NOCOOS.build/NOCOOS-own-target-headers.hmap -Xcc -I/Users/runner/work/NOCO-OS-IPHONE/NOCO-OS-IPHONE/build/DerivedData/Build/Intermediates.noindex/NOCOOS.build/Release-iphoneos/NOCOOS.build/NOCOOS-all-target-headers.hmap -Xcc -iquote -Xcc /Users/runner/work/NOCO-OS-IPHONE/NOCO-OS-IPHONE/build/DerivedData/Build/Intermediates.noindex/NOCOOS.build/Release-iphoneos/NOCOOS.build/NOCOOS-project-headers.hmap -Xcc -I/Users/runner/work/NOCO-OS-IPHONE/NOCO-OS-IPHONE/build/DerivedData/Build/Products/Release-iphoneos/include -Xcc -I/Users/runner/work/NOCO-OS-IPHONE/NOCO-OS-IPHONE/build/DerivedData/Build/Intermediates.noindex/NOCOOS.build/Release-iphoneos/NOCOOS.build/DerivedSources-normal/arm64 -Xcc -I/Users/runner/work/NOCO-OS-IPHONE/NOCO-OS-IPHONE/build/DerivedData/Build/Intermediates.noindex/NOCOOS.build/Release-iphoneos/NOCOOS.build/DerivedSources/arm64 -Xcc -I/Users/runner/work/NOCO-OS-IPHONE/NOCO-OS-IPHONE/build/DerivedData/Build/Intermediates.noindex/NOCOOS.build/Release-iphoneos/NOCOOS.build/DerivedSources -module-name NOCOOS -frontend-parseable-output -disable-clang-spi -target-sdk-version 18.5 -target-sdk-name iphoneos18.5 -external-plugin-path /Applications/Xcode_16.4.app/Contents/Developer/Platforms/iPhoneOS.platform/Developer/usr/lib/swift/host/plugins\#/Applications/Xcode_16.4.app/Contents/Developer/Platforms/iPhoneOS.platform/Developer/usr/bin/swift-plugin-server -external-plugin-path /Applications/Xcode_16.4.app/Contents/Developer/Platforms/iPhoneOS.platform/Developer/usr/local/lib/swift/host/plugins\#/Applications/Xcode_16.4.app/Contents/Developer/Platforms/iPhoneOS.platform/Developer/usr/bin/swift-plugin-server -in-process-plugin-server-path /Applications/Xcode_16.4.app/Contents/Developer/Toolchains/XcodeDefault.xctoolchain/usr/lib/swift/host/libSwiftInProcPluginServer.dylib -plugin-path /Applications/Xcode_16.4.app/Contents/Developer/Toolchains/XcodeDefault.xctoolchain/usr/lib/swift/host/plugins -plugin-path /Applications/Xcode_16.4.app/Contents/Developer/Toolchains/XcodeDefault.xctoolchain/usr/local/lib/swift/host/plugins -o /Users/runner/work/NOCO-OS-IPHONE/NOCO-OS-IPHONE/build/DerivedData/Build/Intermediates.noindex/NOCOOS.build/Release-iphoneos/NOCOOS.build/Objects-normal/arm64/AIService.o -o /Users/runner/work/NOCO-OS-IPHONE/NOCO-OS-IPHONE/build/DerivedData/Build/Intermediates.noindex/NOCOOS.build/Release-iphoneos/NOCOOS.build/Objects-normal/arm64/SpeechCommandService.o -o /Users/runner/work/NOCO-OS-IPHONE/NOCO-OS-IPHONE/build/DerivedData/Build/Intermediates.noindex/NOCOOS.build/Release-iphoneos/NOCOOS.build/Objects-normal/arm64/NOCOOSRootView.o -o /Users/runner/work/NOCO-OS-IPHONE/NOCO-OS-IPHONE/build/DerivedData/Build/Intermediates.noindex/NOCOOS.build/Release-iphoneos/NOCOOS.build/Objects-normal/arm64/HomeScreenView.o -o /Users/runner/work/NOCO-OS-IPHONE/NOCO-OS-IPHONE/build/DerivedData/Build/Intermediates.noindex/NOCOOS.build/Release-iphoneos/NOCOOS.build/Objects-normal/arm64/AppContainerView.o -o /Users/runner/work/NOCO-OS-IPHONE/NOCO-OS-IPHONE/build/DerivedData/Build/Intermediates.noindex/NOCOOS.build/Release-iphoneos/NOCOOS.build/Objects-normal/arm64/SpotlightView.o -o /Users/runner/work/NOCO-OS-IPHONE/NOCO-OS-IPHONE/build/DerivedData/Build/Intermediates.noindex/NOCOOS.build/Release-iphoneos/NOCOOS.build/Objects-normal/arm64/AppIconTile.o -o /Users/runner/work/NOCO-OS-IPHONE/NOCO-OS-IPHONE/build/DerivedData/Build/Intermediates.noindex/NOCOOS.build/Release-iphoneos/NOCOOS.build/Objects-normal/arm64/NOCOAIAppView.o -o /Users/runner/work/NOCO-OS-IPHONE/NOCO-OS-IPHONE/build/DerivedData/Build/Intermediates.noindex/NOCOOS.build/Release-iphoneos/NOCOOS.build/Objects-normal/arm64/NotesAppView.o -o /Users/runner/work/NOCO-OS-IPHONE/NOCO-OS-IPHONE/build/DerivedData/Build/Intermediates.noindex/NOCOOS.build/Release-iphoneos/NOCOOS.build/Objects-normal/arm64/NoteEditorView.o -o /Users/runner/work/NOCO-OS-IPHONE/NOCO-OS-IPHONE/build/DerivedData/Build/Intermediates.noindex/NOCOOS.build/Release-iphoneos/NOCOOS.build/Objects-normal/arm64/CameraAppView.o -o /Users/runner/work/NOCO-OS-IPHONE/NOCO-OS-IPHONE/build/DerivedData/Build/Intermediates.noindex/NOCOOS.build/Release-iphoneos/NOCOOS.build/Objects-normal/arm64/SettingsAppView.o -o /Users/runner/work/NOCO-OS-IPHONE/NOCO-OS-IPHONE/build/DerivedData/Build/Intermediates.noindex/NOCOOS.build/Release-iphoneos/NOCOOS.build/Objects-normal/arm64/SpotlightEntry.o -o /Users/runner/work/NOCO-OS-IPHONE/NOCO-OS-IPHONE/build/DerivedData/Build/Intermediates.noindex/NOCOOS.build/Release-iphoneos/NOCOOS.build/Objects-normal/arm64/MathEvaluator.o -o /Users/runner/work/NOCO-OS-IPHONE/NOCO-OS-IPHONE/build/DerivedData/Build/Intermediates.noindex/NOCOOS.build/Release-iphoneos/NOCOOS.build/Objects-normal/arm64/SystemBridge.o -o /Users/runner/work/NOCO-OS-IPHONE/NOCO-OS-IPHONE/build/DerivedData/Build/Intermediates.noindex/NOCOOS.build/Release-iphoneos/NOCOOS.build/Objects-normal/arm64/SpotlightService.o -index-unit-output-path /NOCOOS.build/Release-iphoneos/NOCOOS.build/Objects-normal/arm64/AIService.o -index-unit-output-path /NOCOOS.build/Release-iphoneos/NOCOOS.build/Objects-normal/arm64/SpeechCommandService.o -index-unit-output-path /NOCOOS.build/Release-iphoneos/NOCOOS.build/Objects-normal/arm64/NOCOOSRootView.o -index-unit-output-path /NOCOOS.build/Release-iphoneos/NOCOOS.build/Objects-normal/arm64/HomeScreenView.o -index-unit-output-path /NOCOOS.build/Release-iphoneos/NOCOOS.build/Objects-normal/arm64/AppContainerView.o -index-unit-output-path /NOCOOS.build/Release-iphoneos/NOCOOS.build/Objects-normal/arm64/SpotlightView.o -index-unit-output-path /NOCOOS.build/Release-iphoneos/NOCOOS.build/Objects-normal/arm64/AppIconTile.o -index-unit-output-path /NOCOOS.build/Release-iphoneos/NOCOOS.build/Objects-normal/arm64/NOCOAIAppView.o -index-unit-output-path /NOCOOS.build/Release-iphoneos/NOCOOS.build/Objects-normal/arm64/NotesAppView.o -index-unit-output-path /NOCOOS.build/Release-iphoneos/NOCOOS.build/Objects-normal/arm64/NoteEditorView.o -index-unit-output-path /NOCOOS.build/Release-iphoneos/NOCOOS.build/Objects-normal/arm64/CameraAppView.o -index-unit-output-path /NOCOOS.build/Release-iphoneos/NOCOOS.build/Objects-normal/arm64/SettingsAppView.o -index-unit-output-path /NOCOOS.build/Release-iphoneos/NOCOOS.build/Objects-normal/arm64/SpotlightEntry.o -index-unit-output-path /NOCOOS.build/Release-iphoneos/NOCOOS.build/Objects-normal/arm64/MathEvaluator.o -index-unit-output-path /NOCOOS.build/Release-iphoneos/NOCOOS.build/Objects-normal/arm64/SystemBridge.o -index-unit-output-path /NOCOOS.build/Release-iphoneos/NOCOOS.build/Objects-normal/arm64/SpotlightService.o
SwiftMergeGeneratedHeaders /Users/runner/work/NOCO-OS-IPHONE/NOCO-OS-IPHONE/build/DerivedData/Build/Intermediates.noindex/NOCOOS.build/Release-iphoneos/NOCOOS.build/DerivedSources/NOCOOS-Swift.h /Users/runner/work/NOCO-OS-IPHONE/NOCO-OS-IPHONE/build/DerivedData/Build/Intermediates.noindex/NOCOOS.build/Release-iphoneos/NOCOOS.build/Objects-normal/arm64/NOCOOS-Swift.h (in target 'NOCOOS' from project 'NOCOOS')
    cd /Users/runner/work/NOCO-OS-IPHONE/NOCO-OS-IPHONE
    builtin-swiftHeaderTool -arch arm64 /Users/runner/work/NOCO-OS-IPHONE/NOCO-OS-IPHONE/build/DerivedData/Build/Intermediates.noindex/NOCOOS.build/Release-iphoneos/NOCOOS.build/Objects-normal/arm64/NOCOOS-Swift.h -o /Users/runner/work/NOCO-OS-IPHONE/NOCO-OS-IPHONE/build/DerivedData/Build/Intermediates.noindex/NOCOOS.build/Release-iphoneos/NOCOOS.build/DerivedSources/NOCOOS-Swift.h

** BUILD FAILED **


The following build commands failed:
	SwiftCompile normal arm64 /Users/runner/work/NOCO-OS-IPHONE/NOCO-OS-IPHONE/NOCOOS/Views/Apps/NOCOAIAppView.swift (in target 'NOCOOS' from project 'NOCOOS')
	SwiftCompile normal arm64 Compiling\ AIService.swift,\ SpeechCommandService.swift,\ NOCOOSRootView.swift,\ HomeScreenView.swift,\ AppContainerView.swift,\ SpotlightView.swift,\ AppIconTile.swift,\ NOCOAIAppView.swift,\ NotesAppView.swift,\ NoteEditorView.swift,\ CameraAppView.swift,\ SettingsAppView.swift,\ SpotlightEntry.swift,\ MathEvaluator.swift,\ SystemBridge.swift,\ SpotlightService.swift /Users/runner/work/NOCO-OS-IPHONE/NOCO-OS-IPHONE/NOCOOS/Services/AIService.swift /Users/runner/work/NOCO-OS-IPHONE/NOCO-OS-IPHONE/NOCOOS/Services/SpeechCommandService.swift /Users/runner/work/NOCO-OS-IPHONE/NOCO-OS-IPHONE/NOCOOS/Views/Shell/NOCOOSRootView.swift /Users/runner/work/NOCO-OS-IPHONE/NOCO-OS-IPHONE/NOCOOS/Views/Shell/HomeScreenView.swift /Users/runner/work/NOCO-OS-IPHONE/NOCO-OS-IPHONE/NOCOOS/Views/Shell/AppContainerView.swift /Users/runner/work/NOCO-OS-IPHONE/NOCO-OS-IPHONE/NOCOOS/Views/Shell/SpotlightView.swift /Users/runner/work/NOCO-OS-IPHONE/NOCO-OS-IPHONE/NOCOOS/Views/Components/AppIconTile.swift /Users/runner/work/NOCO-OS-IPHONE/NOCO-OS-IPHONE/NOCOOS/Views/Apps/NOCOAIAppView.swift /Users/runner/work/NOCO-OS-IPHONE/NOCO-OS-IPHONE/NOCOOS/Views/Apps/NotesAppView.swift /Users/runner/work/NOCO-OS-IPHONE/NOCO-OS-IPHONE/NOCOOS/Views/Apps/NoteEditorView.swift /Users/runner/work/NOCO-OS-IPHONE/NOCO-OS-IPHONE/NOCOOS/Views/Apps/CameraAppView.swift /Users/runner/work/NOCO-OS-IPHONE/NOCO-OS-IPHONE/NOCOOS/Views/Apps/SettingsAppView.swift /Users/runner/work/NOCO-OS-IPHONE/NOCO-OS-IPHONE/NOCOOS/Models/SpotlightEntry.swift /Users/runner/work/NOCO-OS-IPHONE/NOCO-OS-IPHONE/NOCOOS/Services/MathEvaluator.swift /Users/runner/work/NOCO-OS-IPHONE/NOCO-OS-IPHONE/NOCOOS/Services/SystemBridge.swift /Users/runner/work/NOCO-OS-IPHONE/NOCO-OS-IPHONE/NOCOOS/Services/SpotlightService.swift (in target 'NOCOOS' from project 'NOCOOS')
	Building project NOCOOS with scheme NOCOOS and configuration Release
(3 failures)
